node.exe : npm warn Unknown cli config "--watchAll". This will stop working in the next major version of 
npm.
At C:\Program Files\nodejs\npm.ps1:29 char:3
+   & $NODE_EXE $NPM_CLI_JS $args
+   ~~~~~~~~~~~~~~~~~~~~~~~~~~~~~
    + CategoryInfo          : NotSpecified: (npm warn Unknow...version of npm.:String) [], RemoteExcepti 
   on
    + FullyQualifiedErrorId : NativeCommandError
 
npm warn Unknown cli config "--passWithNoTests". This will stop working in the next major version of npm.

> satyajit-portfolio@1.0.0 test
> react-scripts test

